
> lms-academy-frontend@0.1.0 build
> tsc && vite build

src/fitur/admin/components/DialogPenggunaAdmin.tsx(25,1): error TS6133: 'useAuthStore' is declared but its value is never read.
src/fitur/admin/components/GrafikLaporan.tsx(236,30): error TS18048: 'percent' is possibly 'undefined'.
src/fitur/admin/hooks/useAdminCourses.ts(79,17): error TS6133: 'data' is declared but its value is never read.
src/fitur/admin/hooks/useAdminCourses.ts(116,17): error TS6133: 'data' is declared but its value is never read.
src/fitur/admin/hooks/useAdminCourses.ts(146,17): error TS6133: 'data' is declared but its value is never read.
src/fitur/admin/pages/HalamanDetailKursusAdmin.tsx(10,35): error TS2307: Cannot find module '../komponen/DialogKursusAdmin' or its corresponding type declarations.
src/fitur/admin/pages/HalamanKursusAdmin.tsx(11,35): error TS2307: Cannot find module '../komponen/DialogKursusAdmin' or its corresponding type declarations.
src/fitur/admin/pages/HalamanLaporanAdmin.tsx(4,31): error TS2307: Cannot find module '../komponen/FilterLaporan' or its corresponding type declarations.
src/fitur/admin/pages/HalamanLaporanAdmin.tsx(5,38): error TS2307: Cannot find module '../komponen/TabelLaporanKemajuan' or its corresponding type declarations.
src/fitur/admin/pages/HalamanLaporanAdmin.tsx(6,39): error TS2307: Cannot find module '../komponen/TabelLaporanKehadiran' or its corresponding type declarations.
src/fitur/admin/pages/HalamanLaporanAdmin.tsx(7,37): error TS2307: Cannot find module '../komponen/TabelLaporanAsesmen' or its corresponding type declarations.
src/fitur/admin/pages/HalamanLaporanAdmin.tsx(8,42): error TS2307: Cannot find module '../komponen/TabelLaporanKeterlibatan' or its corresponding type declarations.
src/fitur/admin/pages/HalamanLaporanAdmin.tsx(9,37): error TS2307: Cannot find module '../komponen/TombolEksporLaporan' or its corresponding type declarations.
src/fitur/admin/pages/HalamanLaporanAdmin.tsx(15,8): error TS2307: Cannot find module '../komponen/GrafikLaporan' or its corresponding type declarations.
src/fitur/admin/pages/HalamanPenggunaAdmin.tsx(8,37): error TS2307: Cannot find module '../komponen/DialogPenggunaAdmin' or its corresponding type declarations.
src/fitur/admin/pages/HalamanPenggunaAdmin.tsx(29,36): error TS2307: Cannot find module '../komponen/TabelPenggunaAdmin' or its corresponding type declarations.
src/fitur/admin/pages/HalamanPenggunaAdmin.tsx(246,20): error TS7006: Parameter 'user' implicitly has an 'any' type.
src/fitur/autentikasi/pages/LoginPage.tsx(1,27): error TS2307: Cannot find module '../komponen/LoginForm' or its corresponding type declarations.
src/fitur/autentikasi/pages/RegisterPage.tsx(1,30): error TS2307: Cannot find module '../komponen/RegisterForm' or its corresponding type declarations.
src/fitur/dasbor/pages/PembelajarDashboard.tsx(2,27): error TS2307: Cannot find module '@/fitur/pembelajar/komponen/StatsCard' or its corresponding type declarations.
src/fitur/dasbor/pages/PembelajarDashboard.tsx(3,28): error TS2307: Cannot find module '@/fitur/pembelajar/komponen/CourseCard' or its corresponding type declarations.
src/fitur/dasbor/pages/SuperadminDashboard.tsx(2,27): error TS2307: Cannot find module '@/fitur/superadmin/komponen/StatsCard' or its corresponding type declarations.
src/fitur/dasbor/pages/SuperadminDashboard.tsx(4,29): error TS2307: Cannot find module '@/fitur/superadmin/komponen/ActivityLog' or its corresponding type declarations.
src/fitur/dasbor/pages/SuperadminDashboard.tsx(14,38): error TS6133: 'overviewLoading' is declared but its value is never read.
src/fitur/instruktur/api/studentProgressApi.ts(7,3): error TS6196: 'ModuleProgress' is declared but never used.
src/fitur/instruktur/api/studentProgressApi.ts(9,3): error TS6196: 'ActivityLog' is declared but never used.
src/fitur/instruktur/api/studentProgressApi.ts(117,32): error TS2339: Property 'id' does not exist on type 'never'.
src/fitur/instruktur/api/studentProgressApi.ts(124,53): error TS2339: Property 'nilai' does not exist on type 'never'.
src/fitur/instruktur/api/studentProgressApi.ts(248,27): error TS2339: Property 'nama_lengkap' does not exist on type 'never'.
src/fitur/instruktur/api/studentProgressApi.ts(249,28): error TS2339: Property 'email' does not exist on type 'never'.
src/fitur/instruktur/api/studentProgressApi.ts(251,26): error TS2339: Property 'judul' does not exist on type 'never'.
src/fitur/instruktur/api/studentProgressApi.ts(252,33): error TS2339: Property 'tanggal_mulai' does not exist on type 'never'.
src/fitur/instruktur/api/studentProgressApi.ts(253,37): error TS2339: Property 'progress_persen' does not exist on type 'never'.
src/fitur/instruktur/api/studentProgressApi.ts(270,3): error TS6133: 'kursusId' is declared but its value is never read.
src/fitur/instruktur/api/studentProgressApi.ts(271,3): error TS6133: 'studentId' is declared but its value is never read.
src/fitur/instruktur/api/studentProgressApi.ts(348,51): error TS2339: Property 'id' does not exist on type 'never'.
src/fitur/instruktur/api/studentProgressApi.ts(382,25): error TS2339: Property 'id' does not exist on type 'never'.
src/fitur/instruktur/api/studentProgressApi.ts(383,28): error TS2339: Property 'title' does not exist on type 'never'.
src/fitur/instruktur/api/studentProgressApi.ts(418,26): error TS2339: Property 'judul' does not exist on type 'never'.
src/fitur/instruktur/components/InstructorLayout.tsx(38,17): error TS2339: Property 'signOut' does not exist on type 'AuthState'.
src/fitur/instruktur/components/ModuleContentEditor.tsx(47,1): error TS6192: All imports in import declaration are unused.
src/fitur/instruktur/hooks/useContent.ts(73,7): error TS6133: 'moduleId' is declared but its value is never read.
src/fitur/instruktur/hooks/useInstructorCourses.ts(1,20): error TS6133: 'useMutation' is declared but its value is never read.
src/fitur/instruktur/hooks/useInstructorCourses.ts(1,33): error TS6133: 'useQueryClient' is declared but its value is never read.
src/fitur/instruktur/hooks/useInstructorCourses.ts(8,1): error TS6133: 'toast' is declared but its value is never read.
src/fitur/instruktur/hooks/useModules.ts(107,7): error TS6133: 'kursusId' is declared but its value is never read.
src/fitur/instruktur/pages/AssessmentCenterPage.tsx(42,31): error TS2307: Cannot find module '@/fitur/instruktur/komponen/GradingDialog' or its corresponding type declarations.
src/fitur/instruktur/pages/AssessmentCenterPage.tsx(43,34): error TS2307: Cannot find module '@/fitur/instruktur/komponen/InlineGradeInput' or its corresponding type declarations.
src/fitur/instruktur/pages/AssessmentCenterPage.tsx(170,9): error TS6133: 'toggleSelect' is declared but its value is never read.
src/fitur/instruktur/pages/AssessmentCenterPage.tsx(189,9): error TS6133: 'confirmBulkActionHandler' is declared but its value is never read.
src/fitur/instruktur/pages/CourseContentEditorPage.tsx(35,36): error TS2307: Cannot find module '../komponen/ModuleEditorDialog' or its corresponding type declarations.
src/fitur/instruktur/pages/CourseContentEditorPage.tsx(36,37): error TS2307: Cannot find module '../komponen/ModuleContentEditor' or its corresponding type declarations.
src/fitur/instruktur/pages/StudentProgressPage.tsx(49,37): error TS2307: Cannot find module '../komponen/StudentDetailDialog' or its corresponding type declarations.
src/fitur/pembelajar/api/catalogApi.ts(60,43): error TS2339: Property 'tenant_id' does not exist on type 'never'.
src/fitur/pembelajar/api/catalogApi.ts(166,45): error TS2339: Property 'id' does not exist on type 'never'.
src/fitur/pembelajar/api/catalogApi.ts(170,58): error TS2339: Property 'status' does not exist on type 'never'.
src/fitur/pembelajar/api/catalogApi.ts(170,85): error TS2339: Property 'id' does not exist on type 'never'.
src/fitur/pembelajar/api/catalogApi.ts(197,43): error TS2339: Property 'tenant_id' does not exist on type 'never'.
src/fitur/pembelajar/api/catalogApi.ts(204,66): error TS2339: Property 'kategori' does not exist on type 'never'.
src/fitur/pembelajar/components/LearningSidebar.tsx(1,1): error TS6133: 'useState' is declared but its value is never read.
src/fitur/pembelajar/components/LearningSidebar.tsx(4,5): error TS6133: 'Circle' is declared but its value is never read.
src/fitur/pembelajar/components/LearningSidebar.tsx(7,5): error TS6133: 'ChevronDown' is declared but its value is never read.
src/fitur/pembelajar/components/LearningSidebar.tsx(18,23): error TS6196: 'Module' is declared but never used.
src/fitur/pembelajar/components/LearningSidebar.tsx(18,31): error TS6196: 'Material' is declared but never used.
src/fitur/pembelajar/pages/AssessmentResultPage.tsx(20,34): error TS2307: Cannot find module '../komponen/QuestionRenderer' or its corresponding type declarations.
src/fitur/pembelajar/pages/AssessmentResultPage.tsx(177,53): error TS6133: 'index' is declared but its value is never read.
src/fitur/pembelajar/pages/AssessmentResultPage.tsx(257,51): error TS6133: 'index' is declared but its value is never read.
src/fitur/pembelajar/pages/AssessmentResultPage.tsx(284,51): error TS6133: 'index' is declared but its value is never read.
src/fitur/pembelajar/pages/AssessmentResultsPage.tsx(10,34): error TS2307: Cannot find module '../komponen/QuestionRenderer' or its corresponding type declarations.
src/fitur/pembelajar/pages/AssessmentsListPage.tsx(30,1): error TS6133: 'supabase' is declared but its value is never read.
src/fitur/pembelajar/pages/AssessmentsListPage.tsx(37,27): error TS6196: 'AssignmentSubmission' is declared but never used.
src/fitur/pembelajar/pages/LearningRoomPage.tsx(20,29): error TS2307: Cannot find module '../komponen/VideoPlayer' or its corresponding type declarations.
src/fitur/pembelajar/pages/LearningRoomPage.tsx(21,29): error TS2307: Cannot find module '../komponen/TextContent' or its corresponding type declarations.
src/fitur/pembelajar/pages/LearningRoomPage.tsx(22,33): error TS2307: Cannot find module '../komponen/LearningSidebar' or its corresponding type declarations.
src/fitur/pembelajar/pages/LearningRoomPage.tsx(23,1): error TS6133: 'LearningProgressHeader' is declared but its value is never read.
src/fitur/pembelajar/pages/LearningRoomPage.tsx(23,40): error TS2307: Cannot find module '../komponen/LearningProgressHeader' or its corresponding type declarations.
src/fitur/pembelajar/pages/LearningRoomPage.tsx(24,1): error TS6133: 'DynamicBreadcrumb' is declared but its value is never read.
src/fitur/pembelajar/pages/LearningRoomPage.tsx(137,56): error TS7006: Parameter 'id' implicitly has an 'any' type.
src/fitur/pembelajar/pages/TakeAssessmentPage.tsx(8,5): error TS6133: 'CheckCircle2' is declared but its value is never read.
src/fitur/pembelajar/pages/TakeAssessmentPage.tsx(11,1): error TS6192: All imports in import declaration are unused.
src/fitur/pembelajar/pages/TakeAssessmentPage.tsx(12,1): error TS6133: 'Badge' is declared but its value is never read.
src/fitur/pembelajar/pages/TakeAssessmentPage.tsx(28,34): error TS2307: Cannot find module '../komponen/QuestionRenderer' or its corresponding type declarations.
src/fitur/pembelajar/pages/TakeAssessmentPage.tsx(77,44): error TS2339: Property 'soal_id' does not exist on type 'never'.
src/fitur/pembelajar/pages/TakeAssessmentPage.tsx(77,59): error TS2339: Property 'jawaban_pengguna_multiple' does not exist on type 'never'.
src/fitur/pembelajar/pages/TakeAssessmentPage.tsx(77,92): error TS2339: Property 'jawaban_pengguna' does not exist on type 'never'.
src/fitur/pembelajar/pages/TakeAssessmentPage.tsx(83,64): error TS2339: Property 'waktu_mulai' does not exist on type 'never'.
src/fitur/pembelajar/pages/TakeAssessmentPage.tsx(277,42): error TS7006: Parameter 'answer' implicitly has an 'any' type.
src/fitur/superadmin/api/analyticsApi.ts(65,3): error TS6133: 'filters' is declared but its value is never read.
src/fitur/superadmin/api/analyticsApi.ts(81,33): error TS2339: Property 'id' does not exist on type 'never'.
src/fitur/superadmin/api/analyticsApi.ts(86,33): error TS2339: Property 'id' does not exist on type 'never'.
src/fitur/superadmin/api/analyticsApi.ts(91,40): error TS2339: Property 'id' does not exist on type 'never'.
src/fitur/superadmin/api/analyticsApi.ts(100,33): error TS2339: Property 'id' does not exist on type 'never'.
src/fitur/superadmin/api/analyticsApi.ts(104,27): error TS2339: Property 'id' does not exist on type 'never'.
src/fitur/superadmin/api/analyticsApi.ts(105,29): error TS2339: Property 'nama' does not exist on type 'never'.
src/fitur/superadmin/api/auditLogsApi.ts(3,3): error TS6196: 'AuditLog' is declared but never used.
src/fitur/superadmin/api/auditLogsApi.ts(93,6): error TS2769: No overload matches this call.
  Overload 1 of 2, '(values: never, options?: { count?: "exact" | "planned" | "estimated" | undefined; } | undefined): PostgrestFilterBuilder<{ PostgrestVersion: "12"; }, never, never, null, "audit_logs", never, "POST">', gave the following error.
    Argument of type '{ user_id: string | null; tenant_id: string | null; action: string; resource_type: string; resource_id: string | null; details: Record<string, any>; ip_address: string | null; user_agent: string | null; }' is not assignable to parameter of type 'never'.
  Overload 2 of 2, '(values: never[], options?: { count?: "exact" | "planned" | "estimated" | undefined; defaultToNull?: boolean | undefined; } | undefined): PostgrestFilterBuilder<{ PostgrestVersion: "12"; }, never, never, null, "audit_logs", never, "POST">', gave the following error.
    Object literal may only specify known properties, and 'user_id' does not exist in type 'never[]'.
src/fitur/superadmin/api/auditLogsApi.ts(160,17): error TS2339: Property 'action' does not exist on type 'never'.
src/fitur/superadmin/api/auditLogsApi.ts(160,40): error TS2339: Property 'action' does not exist on type 'never'.
src/fitur/superadmin/api/tenantsApi.ts(136,6): error TS2769: No overload matches this call.
  Overload 1 of 2, '(values: never, options?: { count?: "exact" | "planned" | "estimated" | undefined; } | undefined): PostgrestFilterBuilder<{ PostgrestVersion: "12"; }, never, never, null, "tenant", never, "POST">', gave the following error.
    Argument of type '{ nama: string; slug: string; tipe: string; status: "aktif" | "nonaktif" | "suspended"; logo_url: string | null; konfigurasi: Record<string, any>; }' is not assignable to parameter of type 'never'.
  Overload 2 of 2, '(values: never[], options?: { count?: "exact" | "planned" | "estimated" | undefined; defaultToNull?: boolean | undefined; } | undefined): PostgrestFilterBuilder<{ PostgrestVersion: "12"; }, never, never, null, "tenant", never, "POST">', gave the following error.
    Object literal may only specify known properties, and 'nama' does not exist in type 'never[]'.
src/fitur/superadmin/api/tenantsApi.ts(157,13): error TS2345: Argument of type '{ nama: string | undefined; slug: string | undefined; tipe: string | undefined; status: "aktif" | "nonaktif" | "suspended" | undefined; logo_url: string | undefined; konfigurasi: Record<...> | undefined; updated_at: string; }' is not assignable to parameter of type 'never'.
src/fitur/superadmin/components/TenantDialog.tsx(291,15): error TS2322: Type 'boolean | ""' is not assignable to type 'boolean | undefined'.
  Type '""' is not assignable to type 'boolean | undefined'.
src/fitur/superadmin/components/TenantTable.tsx(1,1): error TS6133: 'useState' is declared but its value is never read.
src/fitur/superadmin/hooks/useTenants.ts(68,34): error TS2339: Property 'id' does not exist on type 'never'.
src/fitur/superadmin/hooks/useTenants.ts(69,45): error TS2339: Property 'nama' does not exist on type 'never'.
src/fitur/superadmin/hooks/useTenants.ts(89,74): error TS2339: Property 'id' does not exist on type 'never'.
src/fitur/superadmin/hooks/useTenants.ts(97,38): error TS2339: Property 'id' does not exist on type 'never'.
src/fitur/superadmin/hooks/useTenants.ts(98,49): error TS2339: Property 'nama' does not exist on type 'never'.
src/fitur/superadmin/pages/AnalyticsPage.tsx(2,27): error TS2307: Cannot find module '../komponen/StatsCard' or its corresponding type declarations.
src/fitur/superadmin/pages/AuditLogsPage.tsx(3,29): error TS2307: Cannot find module '../komponen/ActivityLog' or its corresponding type declarations.
src/fitur/superadmin/pages/AuditLogsPage.tsx(13,10): error TS6133: 'Search' is declared but its value is never read.
src/fitur/superadmin/pages/GlobalUsersPage.tsx(10,34): error TS2307: Cannot find module '../komponen/CreateUserDialog' or its corresponding type declarations.
src/fitur/superadmin/pages/GlobalUsersPage.tsx(435,24): error TS7006: Parameter 'open' implicitly has an 'any' type.
src/fitur/superadmin/pages/TenantDetailPage.tsx(3,27): error TS2307: Cannot find module '../komponen/StatsCard' or its corresponding type declarations.
src/fitur/superadmin/pages/TenantDetailPage.tsx(73,23): error TS2339: Property 'nama' does not exist on type 'never'.
src/fitur/superadmin/pages/TenantDetailPage.tsx(94,23): error TS2339: Property 'slug' does not exist on type 'never'.
src/fitur/superadmin/pages/TenantDetailPage.tsx(102,23): error TS2339: Property 'tipe' does not exist on type 'never'.
src/fitur/superadmin/pages/TenantDetailPage.tsx(109,31): error TS7053: Element implicitly has an 'any' type because expression of type 'any' can't be used to index type '{ aktif: string; nonaktif: string; suspended: string; }'.
src/fitur/superadmin/pages/TenantDetailPage.tsx(109,51): error TS2339: Property 'status' does not exist on type 'never'.
src/fitur/superadmin/pages/TenantDetailPage.tsx(110,23): error TS2339: Property 'status' does not exist on type 'never'.
src/fitur/superadmin/pages/TenantDetailPage.tsx(118,37): error TS2339: Property 'created_at' does not exist on type 'never'.
src/fitur/superadmin/pages/TenantDetailPage.tsx(121,19): error TS2339: Property 'logo_url' does not exist on type 'never'.
src/fitur/superadmin/pages/TenantDetailPage.tsx(127,29): error TS2339: Property 'logo_url' does not exist on type 'never'.
src/fitur/superadmin/pages/TenantDetailPage.tsx(128,37): error TS2339: Property 'nama' does not exist on type 'never'.
src/fitur/superadmin/pages/TenantDetailPage.tsx(167,15): error TS2339: Property 'konfigurasi' does not exist on type 'never'.
src/fitur/superadmin/pages/TenantDetailPage.tsx(167,49): error TS2339: Property 'konfigurasi' does not exist on type 'never'.
src/fitur/superadmin/pages/TenantDetailPage.tsx(173,36): error TS2339: Property 'konfigurasi' does not exist on type 'never'.
src/fitur/superadmin/pages/TenantsPage.tsx(8,29): error TS2307: Cannot find module '../komponen/TenantTable' or its corresponding type declarations.
src/fitur/superadmin/pages/TenantsPage.tsx(9,30): error TS2307: Cannot find module '../komponen/TenantDialog' or its corresponding type declarations.
